C51 COMPILER V7.50   DISPATCH                                                              08/24/2014 16:57:13 PAGE 1   


C51 COMPILER V7.50, COMPILATION OF MODULE DISPATCH
OBJECT MODULE PLACED IN .\output\dispatch.obj
COMPILER INVOKED BY: C:\Keil\C51\BIN\C51.EXE source\dispatch.c LARGE BROWSE INCDIR(.\include\) DEBUG OBJECTEXTEND PRINT(
                    -.\listing\dispatch.lst) OBJECT(.\output\dispatch.obj)

line level    source

   1          #include <reg52.h>
   2          #include <parameter.h>
   3          #include <intrins.h>
   4          #include <dispatch.h>
   5          
   6          /*
   7          按启动按钮，
   8          气缸位置就绪， 送料气缸1启动，
   9          碰到2号感应器，打料气缸2启动。
  10          碰到4号感应器，夹紧气缸3启动。
  11          碰到6号感应器，打料气缸2关闭。
  12          碰到3号感应器，送料气缸1关闭。
  13          碰到1号感应器，进刀气缸4启动。
  14          碰到8号感应器，进刀气缸4关闭。
  15          碰到7号感应器，夹紧气缸3关闭。
  16          */
  17          
  18          unsigned int intervalTimerCount = 0;
  19          unsigned int cylinderAlarmCount = 0;
  20          
  21          unsigned char ManiDispatchSteps = 20;   // 1，1 3 5 7号感应器有效进入延迟
  22                                                                                          // 2，延迟时间到，送料气缸1启动
  23                                                                                          // 3，碰到2号感应器进入延迟
  24                                                                                          // 4，延迟intervalTimer1时间到，打料气缸2启动
  25                                                                                          // 5，碰到4号感应器进入延迟
  26                                                                                          // 6，延迟intervalTimer2时间到，夹紧气缸3启动
  27                                                                                          // 7，碰到6号感应器进入延迟
  28                                                                                          // 8，延迟intervalTimer3时间到，打料气缸2关闭
  29                                                                                          // 9，碰到3号感应器进入延迟
  30                                                                                          // 10，延迟intervalTimer4时间到，送料气缸1关闭
  31                                                                                          // 11，碰到1号感应器进入延迟
  32                                                                                          // 12，延迟intervalTimer5时间到，进刀气缸4启动
  33                                                                                          // 13，碰到8号感应器进入延迟
  34                                                                                          // 14，延迟intervalTimer6时间到，进刀气缸4关闭
  35                                                                                          // 15，碰到7号感应器进入延迟
  36                                                                                          // 16，延迟intervalTimer7时间到，夹紧气缸3关闭
  37                                                                                          // 20，空操作
  38          
  39          void ManiDispatch(void)
  40          {
  41   1      
  42   1      }


MODULE INFORMATION:   STATIC OVERLAYABLE
   CODE SIZE        =      1    ----
   CONSTANT SIZE    =   ----    ----
   XDATA SIZE       =      5    ----
   PDATA SIZE       =   ----    ----
   DATA SIZE        =   ----    ----
   IDATA SIZE       =   ----    ----
   BIT SIZE         =   ----    ----
END OF MODULE INFORMATION.


C51 COMPILATION COMPLETE.  0 WARNING(S),  0 ERROR(S)
