C51 COMPILER V7.50   KEY                                                                   08/08/2015 15:51:27 PAGE 1   


C51 COMPILER V7.50, COMPILATION OF MODULE KEY
OBJECT MODULE PLACED IN .\output\key.obj
COMPILER INVOKED BY: d:\Keil\C51\BIN\C51.EXE source\key.c LARGE BROWSE INCDIR(.\include\) DEBUG OBJECTEXTEND PRINT(.\lis
                    -ting\key.lst) OBJECT(.\output\key.obj)

line level    source

   1          #include "key.h"
   2          #include <intrins.h>
   3          #include <parameter.h>
   4          #include <key.h>
   5          #include <dispatch.h>
   6          #include <timer.h>
   7          
   8          static unsigned char Key_Scan_Steps = 0;                //0：初始状态 如果有按键按下则进入1
   9                                                                                                          //1：延迟10ms
  10                                                                                                          //2：如果按键确实按下则进入3
  11                                                                                                          //3：确定按键
  12                                                                                                          //4：如果按键释放则进入0
  13          
  14          void ScanKey(void)
  15          {
  16   1              //testOut = ~testOut;
  17   1              switch(Key_Scan_Steps)
  18   1              {
  19   2                      case 0:
  20   2                              if (keyMotorForward == 0 || keyMotorBackward == 0 ||
  21   2                                  keyTestMotor == 0 || keyInitMotor == 0 || keyUserControl == 0)
  22   2                              {
  23   3                                      Key_Scan_Steps = 1;
  24   3                              }
  25   2                      break;
  26   2                      case 1:
  27   2                              if (keyMotorForward == 0 || keyMotorBackward == 0 ||
  28   2                                  keyTestMotor == 0 || keyInitMotor == 0  || keyUserControl == 0)
  29   2                              {
  30   3                                      Key_Scan_Steps = 2;
  31   3                              }
  32   2                              else
  33   2                              {
  34   3                                      Key_Scan_Steps = 0;
  35   3                              }
  36   2                      break;
  37   2                      case 2:
  38   2                              if (keyMotorForward == 0) //电机前进
  39   2                              {
  40   3                                      ControlMotor(MOTORDIRECTION_FORWARD);
  41   3                              }
  42   2                              else if (keyMotorBackward == 0) //电机后退
  43   2                              {
  44   3                                      ControlMotor(MOTORDIRECTION_BACKWARD);  
  45   3                              }
  46   2                              else if (keyTestMotor == 0)
  47   2                              {
  48   3                                      TestMotor();
  49   3                                      //UserControl();
  50   3                              }
  51   2                              else if (keyInitMotor == 0)
  52   2                              {
  53   3                                      InitMotor();
  54   3                                      //UserControl();
C51 COMPILER V7.50   KEY                                                                   08/08/2015 15:51:27 PAGE 2   

  55   3                              }
  56   2                              else if (keyUserControl == 0)
  57   2                              {
  58   3                                      // 将Main函数调用移到这里调用
  59   3                                      //StartSecondMotor();
  60   3                                      UserControl();
  61   3                              }
  62   2                              Key_Scan_Steps = 3;
  63   2                              break;
  64   2                      case 3:
  65   2                              if (keyMotorBackward == 1 && keyMotorForward == 1 && 
  66   2                                  keyTestMotor == 1 && keyInitMotor == 1 && keyUserControl == 1)
  67   2                              {
  68   3                                      Key_Scan_Steps = 0;
  69   3                              }
  70   2                      break;
  71   2                      default:
  72   2                               _nop_();
  73   2              }
  74   1      }


MODULE INFORMATION:   STATIC OVERLAYABLE
   CODE SIZE        =    132    ----
   CONSTANT SIZE    =   ----    ----
   XDATA SIZE       =      1    ----
   PDATA SIZE       =   ----    ----
   DATA SIZE        =   ----    ----
   IDATA SIZE       =   ----    ----
   BIT SIZE         =   ----    ----
END OF MODULE INFORMATION.


C51 COMPILATION COMPLETE.  0 WARNING(S),  0 ERROR(S)
