C51 COMPILER V7.50   KEY                                                                   08/18/2014 22:05:08 PAGE 1   


C51 COMPILER V7.50, COMPILATION OF MODULE KEY
OBJECT MODULE PLACED IN .\output\key.obj
COMPILER INVOKED BY: C:\Keil\C51\BIN\C51.EXE source\key.c LARGE BROWSE INCDIR(.\include\) DEBUG OBJECTEXTEND PRINT(.\lis
                    -ting\key.lst) OBJECT(.\output\key.obj)

line level    source

   1          #include <reg52.h>
   2          #include <intrins.h>
   3          #include <parameter.h>
   4          #include <key.h>
   5          #include <dispatch.h>
   6          
   7          
   8          void Key_Scan(void);
   9          
  10          unsigned char Key_Scan_Steps = 0;               //0：初始状态 如果有按键按下则进入1
  11                                                                                          //1：延迟10ms
  12                                                                                          //2：如果按键确实按下则进入3
  13                                                                                          //3：确定按键
  14                                                                                          //4：如果按键释放则进入0
  15          
  16          void Key_Scan(void)
  17          {
  18   1      
  19   1      }


MODULE INFORMATION:   STATIC OVERLAYABLE
   CODE SIZE        =      1    ----
   CONSTANT SIZE    =   ----    ----
   XDATA SIZE       =      1    ----
   PDATA SIZE       =   ----    ----
   DATA SIZE        =   ----    ----
   IDATA SIZE       =   ----    ----
   BIT SIZE         =   ----    ----
END OF MODULE INFORMATION.


C51 COMPILATION COMPLETE.  0 WARNING(S),  0 ERROR(S)
