C51 COMPILER V7.50   MAIN                                                                  08/08/2015 15:51:17 PAGE 1   


C51 COMPILER V7.50, COMPILATION OF MODULE MAIN
OBJECT MODULE PLACED IN .\output\main.obj
COMPILER INVOKED BY: d:\Keil\C51\BIN\C51.EXE source\main.c LARGE BROWSE INCDIR(.\include\) DEBUG OBJECTEXTEND PRINT(.\li
                    -sting\main.lst) OBJECT(.\output\main.obj)

line level    source

   1          /***************************************************************************/
   2          // 程序：清洗设备控制器
   3          // 模块：主函数 
   4          // 文件：main.c
   5          // 作者：卜晓旸
   6          // 版本：V0.02
   7          // 日期：2013年11月8日
   8          // 功能：主函数
   9          // 芯片：STC12C5A60S2
  10          // 编译：Keil uVision3 V3.90
  11          /***************************************************************************/
  12          
  13          #include "basefunc.h"
  14          #include "parameter.h"
  15          #include "screen.h"
  16          #include "uart.h"
  17          #include <timer.h>
  18          #include <key.h>
  19          #include <dispatch.h>
  20          
  21          #if 0
              void PluseDelay(unsigned int a)
              {
                      while(a--);
              }
              
              void TestRun()
              {
                      /*
                      驱动步进电机转动一圈
                      步进电机参数：细分倍数:8        步数/圈(1.8/整步):1600
                      实际的步进角=1.8/8=0.225，旋转一圈需要脉冲个数=360/0.225=1600
                      */
                      unsigned int i = 0;
                      secondMotorDirection = 0;
                      for (i = 0; i < 1600; i++)
                      {
                              secondMotorPWM = 1;
                              PluseDelay(800);
                              secondMotorPWM = ~secondMotorPWM;
                              PluseDelay(800);
                      }
                      while (1);
              }
              #endif
  46          
  47          void main()
  48          {
  49   1              WORD count10ms = 0;
  50   1              delay_ms(500);
  51   1              // 初始化硬件
  52   1              InitHardware();
  53   1          // 初始化参数
  54   1              InitParameters();
C51 COMPILER V7.50   MAIN                                                                  08/08/2015 15:51:17 PAGE 2   

  55   1              
  56   1              while (1)
  57   1              {
  58   2                      delay_us(100);
  59   2                      //按键扫描---10us*30=300us=0.3ms,控制按键扫描频率
  60   2                      count10ms++;
  61   2                      if(count10ms > 29)
  62   2                      {
  63   3                              ScanKey();
  64   3                              count10ms = 0;
  65   3                      }
  66   2      
  67   2                      AdjustTimerCount();
  68   2                      CheckSensorInput();
  69   2                      StartSecondMotor();
  70   2                      DisplayParameters();
  71   2                      SaveParameters();
  72   2              } 
  73   1      }
  74          
  75          
  76          
  77          
  78          
  79          
  80          
  81          


MODULE INFORMATION:   STATIC OVERLAYABLE
   CODE SIZE        =     83    ----
   CONSTANT SIZE    =   ----    ----
   XDATA SIZE       =   ----       2
   PDATA SIZE       =   ----    ----
   DATA SIZE        =   ----    ----
   IDATA SIZE       =   ----    ----
   BIT SIZE         =   ----    ----
END OF MODULE INFORMATION.


C51 COMPILATION COMPLETE.  0 WARNING(S),  0 ERROR(S)
