C51 COMPILER V7.50   PARAMETER                                                             08/24/2014 16:57:12 PAGE 1   


C51 COMPILER V7.50, COMPILATION OF MODULE PARAMETER
OBJECT MODULE PLACED IN .\output\parameter.obj
COMPILER INVOKED BY: C:\Keil\C51\BIN\C51.EXE source\parameter.c LARGE BROWSE INCDIR(.\include\) DEBUG OBJECTEXTEND PRINT
                    -(.\listing\parameter.lst) OBJECT(.\output\parameter.obj)

line level    source

   1          /***************************************************************************/
   2          // 程序：清洗设备控制器
   3          // 模块：参数
   4          // 文件：parameter.c
   5          // 作者：卜晓旸
   6          // 版本：V0.02
   7          // 日期：2013年11月8日
   8          // 功能：参数
   9          // 芯片：STC12C5A60S2
  10          // 编译：Keil uVision3 V3.90
  11          /***************************************************************************/
  12          
  13          #include <parameter.h>
  14          #include <eeprom.h>
  15          #include <basefunc.h>
  16          
  17          /***************************************************************************/
  18          // 参数定义     
  19          /***************************************************************************/
  20          unsigned char currentPosition; //当前位置 1~20
  21          unsigned int pulseSettingNum; //脉冲个数
  22          unsigned int pulseSettingFreq; //脉冲频率
  23          unsigned int motorStepAngle; //电机步进角
  24          unsigned int screwPitch; //丝杆丝距
  25          unsigned int motorReducGearRatio; //电机减速比
  26          unsigned int ballScrew; //丝杆导程
  27          unsigned int motorRotationAngle; //电机旋转角
  28          unsigned char isStartPosition; //初始位置
  29          unsigned char isStartPosition1; //初始位置
  30          unsigned char isStartPosition2; //初始位置
  31          
  32          unsigned char refreshDisplay; //刷新屏幕标志位 0 不刷新 1刷新
  33          
  34          unsigned char initFlag; //初始化标志位
  35          
  36          /***************************************************************************/
  37          // 读取参数
  38          // 参数：无
  39          // 返回值：0失败 1成功  
  40          /***************************************************************************/
  41          unsigned char parameter_read()
  42          {
  43   1              
  44   1              unsigned char result = 1;
  45   1              delay_ms(10); 
  46   1              if(IapReadByte(IAP_ADDRESS+200) == 0xEE)
  47   1              {       
  48   2                      pulseSettingNum = ((IapReadByte(IAP_ADDRESS+0) << 8) | IapReadByte(IAP_ADDRESS+1));
  49   2                      //pulseSettingFreq = ((IapReadByte(IAP_ADDRESS+2) << 8) | IapReadByte(IAP_ADDRESS+3));
  50   2                      //motorStepAngle = ((IapReadByte(IAP_ADDRESS+4) << 8) | IapReadByte(IAP_ADDRESS+5));
  51   2                      screwPitch = ((IapReadByte(IAP_ADDRESS+6) << 8) | IapReadByte(IAP_ADDRESS+7));
  52   2                      motorReducGearRatio = ((IapReadByte(IAP_ADDRESS+8) << 8) | IapReadByte(IAP_ADDRESS+9));
  53   2                      ballScrew = ((IapReadByte(IAP_ADDRESS+10) << 8) | IapReadByte(IAP_ADDRESS+11));
  54   2                      motorRotationAngle = ((IapReadByte(IAP_ADDRESS+12) << 8) | IapReadByte(IAP_ADDRESS+13));
C51 COMPILER V7.50   PARAMETER                                                             08/24/2014 16:57:12 PAGE 2   

  55   2                      result = 1;
  56   2              }
  57   1              else
  58   1              {
  59   2                      pulseSettingNum = 1600;
  60   2                      screwPitch = 12;
  61   2                      motorReducGearRatio = 1;
  62   2                      ballScrew = 12;
  63   2                      motorRotationAngle = 360;
  64   2                      result = 0;
  65   2              }
  66   1              pulseSettingFreq = 6070;
  67   1              motorStepAngle = 225;
  68   1              return result;
  69   1      }
  70          
  71          /***************************************************************************/
  72          // 参数初始化函数
  73          // 参数：无
  74          // 返回值：无   
  75          /***************************************************************************/
  76          void parameter_init()
  77          {
  78   1              currentPosition = 1; //当前位置 1~20
  79   1              if(!parameter_read())
  80   1              {
  81   2                      pulseSettingNum = 400; //脉冲个数
  82   2                      pulseSettingFreq = 400; //脉冲频率
  83   2                      motorStepAngle = 180; //电机步进角
  84   2                      screwPitch = 200; //丝杆丝距
  85   2                      motorReducGearRatio = 100; //电机减速比
  86   2                      ballScrew = 200; //丝杆导程
  87   2                      motorRotationAngle = 36000; //电机旋转角
  88   2              }
  89   1              isStartPosition = 0; //初始位置
  90   1              refreshDisplay = 1;
  91   1              initFlag = 0;
  92   1      }
  93          
  94          /***************************************************************************/
  95          // 参数保存到eeprom
  96          // 参数：无
  97          // 返回值：0失败 1成功  
  98          /***************************************************************************/
  99          unsigned char parameter_save()
 100          {
 101   1              
 102   1              unsigned char result = 1;
 103   1          delay_ms(10);                      //Delay
 104   1              IapEraseSector(IAP_ADDRESS); //擦除EEPROM
 105   1              IapProgramByte(IAP_ADDRESS+0, (BYTE)(pulseSettingNum>>8));
 106   1              IapProgramByte(IAP_ADDRESS+1, (BYTE)pulseSettingNum);
 107   1              IapProgramByte(IAP_ADDRESS+2, (BYTE)(pulseSettingFreq>>8));
 108   1              IapProgramByte(IAP_ADDRESS+3, (BYTE)pulseSettingFreq);
 109   1              IapProgramByte(IAP_ADDRESS+4, (BYTE)(motorStepAngle>>8));
 110   1              IapProgramByte(IAP_ADDRESS+5, (BYTE)motorStepAngle);
 111   1              IapProgramByte(IAP_ADDRESS+6, (BYTE)(screwPitch>>8));
 112   1              IapProgramByte(IAP_ADDRESS+7, (BYTE)screwPitch);
 113   1              IapProgramByte(IAP_ADDRESS+8, (BYTE)(motorReducGearRatio>>8));
 114   1              IapProgramByte(IAP_ADDRESS+9, (BYTE)motorReducGearRatio);
 115   1              IapProgramByte(IAP_ADDRESS+10, (BYTE)(ballScrew>>8));
 116   1              IapProgramByte(IAP_ADDRESS+11, (BYTE)ballScrew);
C51 COMPILER V7.50   PARAMETER                                                             08/24/2014 16:57:12 PAGE 3   

 117   1              IapProgramByte(IAP_ADDRESS+12, (BYTE)(motorRotationAngle>>8));
 118   1              IapProgramByte(IAP_ADDRESS+13, (BYTE)motorRotationAngle);
 119   1              IapProgramByte(IAP_ADDRESS+200, 0xEE); //写入标志位
 120   1              refreshDisplay = 0;
 121   1              return result;
 122   1      }
 123          
 124          


MODULE INFORMATION:   STATIC OVERLAYABLE
   CODE SIZE        =    603    ----
   CONSTANT SIZE    =   ----    ----
   XDATA SIZE       =     20       2
   PDATA SIZE       =   ----    ----
   DATA SIZE        =   ----    ----
   IDATA SIZE       =   ----    ----
   BIT SIZE         =   ----    ----
END OF MODULE INFORMATION.


C51 COMPILATION COMPLETE.  0 WARNING(S),  0 ERROR(S)
