C51 COMPILER V7.50   SCREEN                                                                12/29/2015 17:09:36 PAGE 1   


C51 COMPILER V7.50, COMPILATION OF MODULE SCREEN
OBJECT MODULE PLACED IN .\output\screen.obj
COMPILER INVOKED BY: d:\Keil\C51\BIN\C51.EXE source\screen.c LARGE BROWSE INCDIR(.\include\) DEBUG OBJECTEXTEND PRINT(.\
                    -listing\screen.lst) OBJECT(.\output\screen.obj)

line level    source

   1          #include "screen.h"
   2          #include "uart.h"
   3          #include "parameter.h"
   4          
   5          void SendLongDataToScreen(WORD address, LONG dat)
   6          {
   7   1              SendData(0x5A);
   8   1              SendData(0xA5);
   9   1              SendData(0x07);
  10   1              SendData(0x82);
  11   1              SendData(address>>8);
  12   1              SendData(address);
  13   1              SendData((dat>>24) & 0xFF);
  14   1              SendData((dat>>16) & 0xFF);
  15   1              SendData((dat>>8) & 0xFF);
  16   1              SendData(dat & 0xFF);
  17   1      }
  18          
  19          
  20          void SendDataToScreen(WORD address, WORD dat)
  21          {
  22   1              SendData(0x5A);
  23   1              SendData(0xA5);
  24   1              SendData(0x05);
  25   1              SendData(0x82);
  26   1              SendData(address>>8);
  27   1              SendData(address);
  28   1              SendData(dat>>8);
  29   1              SendData(dat);
  30   1      }
  31          
  32          void ChangeScreenPage(WORD page)
  33          {
  34   1              SendData(0x5A);
  35   1              SendData(0xA5);
  36   1              SendData(0x04);
  37   1              SendData(0x80);
  38   1              SendData(0x03);
  39   1              SendData(page>>8);
  40   1              SendData(page);
  41   1              SetCurrentPage(page);
  42   1      }
  43          
  44          


MODULE INFORMATION:   STATIC OVERLAYABLE
   CODE SIZE        =    261    ----
   CONSTANT SIZE    =   ----    ----
   XDATA SIZE       =   ----      12
   PDATA SIZE       =   ----    ----
   DATA SIZE        =   ----    ----
   IDATA SIZE       =   ----    ----
   BIT SIZE         =   ----    ----
C51 COMPILER V7.50   SCREEN                                                                12/29/2015 17:09:36 PAGE 2   

END OF MODULE INFORMATION.


C51 COMPILATION COMPLETE.  0 WARNING(S),  0 ERROR(S)
