C51 COMPILER V7.50   TIMER                                                                 08/24/2014 16:57:13 PAGE 1   


C51 COMPILER V7.50, COMPILATION OF MODULE TIMER
OBJECT MODULE PLACED IN .\output\timer.obj
COMPILER INVOKED BY: C:\Keil\C51\BIN\C51.EXE source\timer.c LARGE BROWSE INCDIR(.\include\) DEBUG OBJECTEXTEND PRINT(.\l
                    -isting\timer.lst) OBJECT(.\output\timer.obj)

line level    source

   1          #include <timer.h>
   2          #include <reg52.h>
   3          #include <intrins.h>
   4          #include <parameter.h>
   5          #include <key.h>
   6          
   7          typedef unsigned char BYTE;
   8          typedef unsigned int WORD;
   9          
  10          //-----------------------------------------------
  11          
  12          /* define constants */
  13          #define FOSC 11059200L
  14          #define MODE1T                      //Timer clock mode, comment this line is 12T mode, uncomment is 1T mod
             -e
  15          
  16          #ifdef MODE1T
  17          #define T1MS (65536-FOSC/1000)      //1ms timer calculation method in 1T mode
  18          #else
              #define T1MS (65536-FOSC/12/1000)   //1ms timer calculation method in 12T mode
              #endif
  21          
  22          /* define SFR */
  23          sfr AUXR = 0x8e;                    //Auxiliary register
  24          
  25          /* define variables */
  26          WORD count;                         //1000 times counter
  27          WORD timer_count;
  28          WORD pulseSettingNumCount;
  29          //-----------------------------------------------
  30          
  31          /* Timer0 interrupt routine */
  32          void tm0_isr() interrupt 1 using 1
  33          {
  34   1          //TL0 = T1MS;                     //reload timer0 low byte
  35   1          //TH0 = T1MS >> 8;                //reload timer0 high byte
  36   1              TL0 = 0x8B;             //设置定时初值
  37   1              TH0 = 0xFC;             //设置定时初值
  38   1          if (count-- == 0)               //1ms * 1000 -> 1s
  39   1          {
  40   2                      if(pulseSettingNumCount >0)
  41   2                      {
  42   3                              motorPWM = 1;
  43   3                              pulseSettingNumCount --;
  44   3                              motorPWM = ~motorPWM;
  45   3                      }
  46   2                      count = timer_count;               //reset counter
  47   2          }
  48   1      }
  49          
  50          //-----------------------------------------------
  51          
  52          /* main program */
  53          void timer_init()
C51 COMPILER V7.50   TIMER                                                                 08/24/2014 16:57:13 PAGE 2   

  54          {
  55   1      #ifdef MODE1T
  56   1          AUXR |= 0x80;                    //timer0 work in 1T mode
  57   1      #endif
  58   1          TMOD = 0x01;                    //set timer0 as mode1 (16-bit)
  59   1          //TL0 = T1MS;                     //initial timer0 low byte
  60   1          //TH0 = T1MS >> 8;                //initial timer0 high byte
  61   1              TL0 = 0x8B;             //设置定时初值
  62   1              TH0 = 0xFC;             //设置定时初值
  63   1          TR0 = 1;                        //timer0 start running
  64   1          ET0 = 1;                        //enable timer0 interrupt
  65   1          EA = 1;                         //open global interrupt switch
  66   1          count = 0;                      //initial counter
  67   1              timer_count = 50;
  68   1              pulseSettingNumCount = 0;
  69   1      }
  70          


MODULE INFORMATION:   STATIC OVERLAYABLE
   CODE SIZE        =    127    ----
   CONSTANT SIZE    =   ----    ----
   XDATA SIZE       =      6    ----
   PDATA SIZE       =   ----    ----
   DATA SIZE        =   ----    ----
   IDATA SIZE       =   ----    ----
   BIT SIZE         =   ----    ----
END OF MODULE INFORMATION.


C51 COMPILATION COMPLETE.  0 WARNING(S),  0 ERROR(S)
